---
source: tests/tui_snapshots.rs
expression: output
---
┌ Rusty Sweeper ───────────────────────────────────────────────────────────────┐
│ /project  0 B                                                                │
└──────────────────────────────────────────────────────────────────────────────┘
┌──────────────────────────────────────────────────────────────────────────────┐
│▼ project                                              [░░░░░░░░░░]        0 B│
│  ► target                                             [░░░░░░░░░░]        0 B│
│                                                                              │
│                                                                              │
│                                                                              │
│              ┌ Clean Project ─────────────────────────────────┐              │
│              │              No preview available              │              │
│              │                                                │              │
│              │                                                │              │
│              └────────────────────────────────────────────────┘              │
│                                                                              │
│                                                                              │
│                                                                              │
│                                                                              │
│                                                                              │
│                                                                              │
│                                                                              │
└──────────────────────────────────────────────────────────────────────────────┘
                                 [y] Yes  [n] No
