---
source: tests/tui_snapshots.rs
assertion_line: 39
expression: output
---
┌ Rusty Sweeper ───────────────────────────────────────────────────────────────┐
│ /home/user  ...                                                              │
└──────────────────────────────────────────────────────────────────────────────┘
┌──────────────────────────────────────────────────────────────────────────────┐
│                                    No data                                   │
│                                                                              │
│                                                                              │
│                                                                              │
│                                                                              │
│                                                                              │
│                                                                              │
│                                                                              │
│                                                                              │
│                                                                              │
│                                                                              │
│                                                                              │
│                                                                              │
│                                                                              │
│                                                                              │
│                                                                              │
│                                                                              │
└──────────────────────────────────────────────────────────────────────────────┘
[↑↓] Navigate  [←→] Expand  [d] Delete  [c] Clean  [/] Search  [?] Help  [q] Qui
